// Jest Snapshot v1, https://goo.gl/fbAQLP

exports[`Header component 1`] = `ShallowWrapper {}`;

exports[`Search Bar Test by Enzyme library SearchBar component 1`] = `ShallowWrapper {}`;

exports[`SearchBar component 1`] = `ShallowWrapper {}`;
